<html>
<body>
<pre>
<h1>µVision Build Log</h1>
<h2>Tool Versions:</h2>
IDE-Version: µVision V5.36.0.0
Copyright (C) 2021 ARM Ltd and ARM Germany GmbH. All rights reserved.
License Information: AAA MrCrazy, BBB, LIC=PE7DL-08UJN-GKSBG-VNU5T-FB8KY-J5EVL
 
Tool Versions:
Toolchain:       MDK-ARM Plus  Version: 5.36.0.0
Toolchain Path:  C:\Program Files (x86)\Keil\ARM\ARMCC\Bin
C Compiler:      Armcc.exe V5.06 update 7 (build 960)
Assembler:       Armasm.exe V5.06 update 7 (build 960)
Linker/Locator:  ArmLink.exe V5.06 update 7 (build 960)
Library Manager: ArmAr.exe V5.06 update 7 (build 960)
Hex Converter:   FromElf.exe V5.06 update 7 (build 960)
CPU DLL:         SARMCM3.DLL V5.36.0.0
Dialog DLL:      DCM.DLL V1.17.3.0
Target DLL:      Segger\JL2CM3.dll V2.99.40.0
Dialog DLL:      TCM.DLL V1.53.0.0
 
<h2>Project:</h2>
C:\Users\MrCrazy\Desktop\HTTP-Demo\MDK-ARM\HTTP-Demo.uvprojx
Project File Date:  12/01/2021

<h2>Output:</h2>
*** Using Compiler 'V5.06 update 7 (build 960)', folder: 'C:\Program Files (x86)\Keil\ARM\ARMCC\Bin'
Build target 'HTTP-Demo'
compiling chap_ms.c...
compiling ccp.c...
compiling auth.c...
compiling freertos.c...
../Middlewares/Third_Party/LwIP/src/include/lwip/apps/httpd_opts.h(315): warning:  #2532-D: support for trigraphs is disabled
   * (who uses this at all??) */
../Core/Src/freertos.c: 1 warning, 0 errors
compiling main.c...
compiling ethernetif.c...
compiling lwip.c...
compiling chap-md5.c...
compiling eui64.c...
compiling ipcp.c...
compiling eap.c...
compiling demand.c...
compiling fsm.c...
compiling chap-new.c...
compiling ppp.c...
compiling ipv6cp.c...
compiling pppapi.c...
compiling multilink.c...
compiling lcp.c...
compiling mppe.c...
compiling magic.c...
compiling pppol2tp.c...
compiling pppoe.c...
compiling upap.c...
compiling vj.c...
compiling utils.c...
compiling pppcrypt.c...
compiling pppos.c...
compiling lowpan6.c...
compiling lowpan6_common.c...
compiling lowpan6_ble.c...
compiling ethernet.c...
compiling bridgeif.c...
compiling bridgeif_fdb.c...
compiling slipif.c...
compiling zepif.c...
compiling ecp.c...
compiling fs.c...
../Middlewares/Third_Party/LwIP/src/include/lwip/apps/httpd_opts.h(315): warning:  #2532-D: support for trigraphs is disabled
   * (who uses this at all??) */
../Middlewares/Third_Party/LwIP/src/apps/http/fs.c: 1 warning, 0 errors
compiling err.c...
compiling httpd.c...
../Middlewares/Third_Party/LwIP/src/include/lwip/apps/httpd_opts.h(315): warning:  #2532-D: support for trigraphs is disabled
   * (who uses this at all??) */
../Middlewares/Third_Party/LwIP/src/apps/http/httpd.c: 1 warning, 0 errors
compiling api_lib.c...
compiling api_msg.c...
compiling netdb.c...
compiling netbuf.c...
compiling altcp.c...
compiling netifapi.c...
compiling if_api.c...
compiling tcpip.c...
compiling sockets.c...
compiling altcp_tcp.c...
compiling altcp_alloc.c...
compiling dns.c...
compiling ip.c...
compiling def.c...
compiling inet_chksum.c...
compiling init.c...
compiling stats.c...
compiling raw.c...
compiling sys.c...
compiling mem.c...
compiling pbuf.c...
compiling netif.c...
compiling memp.c...
compiling autoip.c...
compiling dhcp.c...
compiling tcp_in.c...
compiling tcp.c...
compiling tcp_out.c...
compiling udp.c...
compiling timeouts.c...
compiling dhcp6.c...
compiling igmp.c...
compiling ip4_addr.c...
compiling etharp.c...
compiling ip4_frag.c...
compiling icmp.c...
compiling ip4.c...
compiling ip6.c...
compiling ethip6.c...
compiling inet6.c...
compiling mld6.c...
compiling ip6_addr.c...
compiling ip6_frag.c...
compiling icmp6.c...
compiling nd6.c...
compiling sys_arch.c...
compiling mqtt.c...
linking...
Program Size: Code=85808 RO-data=3940 RW-data=452 ZI-data=48364  
FromELF: creating hex file...
"HTTP-Demo\HTTP-Demo.axf" - 0 Error(s), 3 Warning(s).

<h2>Software Packages used:</h2>

Package Vendor: ARM
                http://www.keil.com/pack/ARM.CMSIS.5.8.0.pack
                ARM.CMSIS.5.8.0
                CMSIS (Common Microcontroller Software Interface Standard)
   * Component: CORE Version: 5.5.0

Package Vendor: Keil
                http://www.keil.com/pack/Keil.STM32F4xx_DFP.2.13.0.pack
                Keil.STM32F4xx_DFP.2.13.0
                STMicroelectronics STM32F4 Series Device Support, Drivers and Examples

<h2>Collection of Component include folders:</h2>
  .\RTE\_HTTP-Demo
  C:\Program Files (x86)\Keil\ARM\PACK\ARM\CMSIS\5.8.0\CMSIS\Core\Include
  C:\Program Files (x86)\Keil\ARM\PACK\Keil\STM32F4xx_DFP\2.13.0\Drivers\CMSIS\Device\ST\STM32F4xx\Include

<h2>Collection of Component Files used:</h2>

   * Component: ARM::CMSIS:CORE:5.5.0
      Include file:  CMSIS\Core\Include\tz_context.h
Build Time Elapsed:  00:01:50
</pre>
</body>
</html>
